#-----------------------------------------------------------
# Vivado v2023.2 (64-bit)
# SW Build 4029153 on Fri Oct 13 20:14:34 MDT 2023
# IP Build 4028589 on Sat Oct 14 00:45:43 MDT 2023
# SharedData Build 4025554 on Tue Oct 10 17:18:54 MDT 2023
# Start of session at: Tue Mar 31 01:11:12 2026
# Process ID: 34692
# Current directory: C:/Users/Tim/Documents/ECE_615/final_project/musical_notes_hw
# Command line: vivado.exe -gui_launcher_event rodinguilauncherevent90208 C:\Users\Tim\Documents\ECE_615\final_project\musical_notes_hw\final_proj_vivado.xpr
# Log file: C:/Users/Tim/Documents/ECE_615/final_project/musical_notes_hw/vivado.log
# Journal file: C:/Users/Tim/Documents/ECE_615/final_project/musical_notes_hw\vivado.jou
# Running On: DESKTOP-6QOLK3M, OS: Windows, CPU Frequency: 4691 MHz, CPU Physical cores: 24, Host memory: 33441 MB
#-----------------------------------------------------------
start_gui
open_project C:/Users/Tim/Documents/ECE_615/final_project/musical_notes_hw/final_proj_vivado.xpr
WARNING: [Board 49-26] cannot add Board Part xilinx.com:ac701:part0:1.4 available at C:/Xilinx/Vivado/2023.2/data/xhub/boards/XilinxBoardStore/boards/Xilinx/ac701/1.4/board.xml as part xc7a200tfbg676-2 specified in board_part file is either invalid or not available
WARNING: [Board 49-26] cannot add Board Part xilinx.com:kc705:part0:1.6 available at C:/Xilinx/Vivado/2023.2/data/xhub/boards/XilinxBoardStore/boards/Xilinx/kc705/1.6/board.xml as part xc7k325tffg900-2 specified in board_part file is either invalid or not available
WARNING: [Board 49-26] cannot add Board Part xilinx.com:kcu105:part0:1.6 available at C:/Xilinx/Vivado/2023.2/data/xhub/boards/XilinxBoardStore/boards/Xilinx/kcu105/1.6/board.xml as part xcku040-ffva1156-2-e specified in board_part file is either invalid or not available
WARNING: [Board 49-26] cannot add Board Part xilinx.com:kcu105:part0:1.7 available at C:/Xilinx/Vivado/2023.2/data/xhub/boards/XilinxBoardStore/boards/Xilinx/kcu105/1.7/board.xml as part xcku040-ffva1156-2-e specified in board_part file is either invalid or not available
WARNING: [Board 49-26] cannot add Board Part xilinx.com:kcu116:part0:1.4 available at C:/Xilinx/Vivado/2023.2/data/xhub/boards/XilinxBoardStore/boards/Xilinx/kcu116/1.4/board.xml as part xcku5p-ffvb676-2-e specified in board_part file is either invalid or not available
WARNING: [Board 49-26] cannot add Board Part xilinx.com:kcu116:part0:1.5 available at C:/Xilinx/Vivado/2023.2/data/xhub/boards/XilinxBoardStore/boards/Xilinx/kcu116/1.5/board.xml as part xcku5p-ffvb676-2-e specified in board_part file is either invalid or not available
WARNING: [Board 49-26] cannot add Board Part xilinx.com:sp701:part0:1.0 available at C:/Xilinx/Vivado/2023.2/data/xhub/boards/XilinxBoardStore/boards/Xilinx/sp701/1.0/board.xml as part xc7s100fgga676-2 specified in board_part file is either invalid or not available
WARNING: [Board 49-26] cannot add Board Part xilinx.com:sp701:part0:1.1 available at C:/Xilinx/Vivado/2023.2/data/xhub/boards/XilinxBoardStore/boards/Xilinx/sp701/1.1/board.xml as part xc7s100fgga676-2 specified in board_part file is either invalid or not available
WARNING: [Board 49-26] cannot add Board Part xilinx.com:vc707:part0:1.4 available at C:/Xilinx/Vivado/2023.2/data/xhub/boards/XilinxBoardStore/boards/Xilinx/vc707/1.4/board.xml as part xc7vx485tffg1761-2 specified in board_part file is either invalid or not available
WARNING: [Board 49-26] cannot add Board Part xilinx.com:vc709:part0:1.8 available at C:/Xilinx/Vivado/2023.2/data/xhub/boards/XilinxBoardStore/boards/Xilinx/vc709/1.8/board.xml as part xc7vx690tffg1761-2 specified in board_part file is either invalid or not available
WARNING: [Board 49-26] cannot add Board Part xilinx.com:vcu108:part0:1.6 available at C:/Xilinx/Vivado/2023.2/data/xhub/boards/XilinxBoardStore/boards/Xilinx/vcu108/1.6/board.xml as part xcvu095-ffva2104-2-e specified in board_part file is either invalid or not available
WARNING: [Board 49-26] cannot add Board Part xilinx.com:vcu108:part0:1.7 available at C:/Xilinx/Vivado/2023.2/data/xhub/boards/XilinxBoardStore/boards/Xilinx/vcu108/1.7/board.xml as part xcvu095-ffva2104-2-e specified in board_part file is either invalid or not available
WARNING: [Board 49-26] cannot add Board Part xilinx.com:vcu110:part0:1.4 available at C:/Xilinx/Vivado/2023.2/data/xhub/boards/XilinxBoardStore/boards/Xilinx/vcu110/1.4/board.xml as part xcvu190-flgc2104-2-e specified in board_part file is either invalid or not available
WARNING: [Board 49-26] cannot add Board Part xilinx.com:vcu128:part0:1.0 available at C:/Xilinx/Vivado/2023.2/data/xhub/boards/XilinxBoardStore/boards/Xilinx/vcu128/production/1.0/board.xml as part xcvu37p-fsvh2892-2l-e specified in board_part file is either invalid or not available
WARNING: [Board 49-26] cannot add Board Part xilinx.com:vcu129:part0:1.0 available at C:/Xilinx/Vivado/2023.2/data/xhub/boards/XilinxBoardStore/boards/Xilinx/vcu129/production/1.0/board.xml as part xcvu29p-fsga2577-2l-e specified in board_part file is either invalid or not available
WARNING: [Board 49-26] cannot add Board Part xilinx.com:vek280_es:part0:1.0 available at C:/Xilinx/Vivado/2023.2/data/xhub/boards/XilinxBoardStore/boards/Xilinx/vek280/es/rev_a/1.0/board.xml as part xcve2802-vsvh1760-2lp-e-s-es1 specified in board_part file is either invalid or not available
WARNING: [Board 49-26] cannot add Board Part xilinx.com:vek280_es:part0:1.1 available at C:/Xilinx/Vivado/2023.2/data/xhub/boards/XilinxBoardStore/boards/Xilinx/vek280/es/rev_a/1.1/board.xml as part xcve2802-vsvh1760-2lp-e-s-es1 specified in board_part file is either invalid or not available
WARNING: [Board 49-26] cannot add Board Part xilinx.com:vek280_es_revb:part0:1.0 available at C:/Xilinx/Vivado/2023.2/data/xhub/boards/XilinxBoardStore/boards/Xilinx/vek280/es/rev_b/1.0/board.xml as part xcve2802-vsvh1760-2mp-e-s-es1 specified in board_part file is either invalid or not available
WARNING: [Board 49-26] cannot add Board Part xilinx.com:vek280_es_revb:part0:1.1 available at C:/Xilinx/Vivado/2023.2/data/xhub/boards/XilinxBoardStore/boards/Xilinx/vek280/es/rev_b/1.1/board.xml as part xcve2802-vsvh1760-2mp-e-s-es1 specified in board_part file is either invalid or not available
WARNING: [Board 49-26] cannot add Board Part xilinx.com:vermeo_t1_mpsoc:part0:1.0 available at C:/Xilinx/Vivado/2023.2/data/xhub/boards/XilinxBoardStore/boards/Xilinx/vermeo_t1_mpsoc/1.0/board.xml as part xczu19eg-ffvd1760-2l-e specified in board_part file is either invalid or not available
WARNING: [Board 49-26] cannot add Board Part xilinx.com:vermeo_t1_rfsoc:part0:1.0 available at C:/Xilinx/Vivado/2023.2/data/xhub/boards/XilinxBoardStore/boards/Xilinx/vermeo_t1_rfsoc/1.0/board.xml as part xczu21dr-ffvd1156-2l-e specified in board_part file is either invalid or not available
WARNING: [Board 49-26] cannot add Board Part xilinx.com:vhk158:part0:1.0 available at C:/Xilinx/Vivado/2023.2/data/xhub/boards/XilinxBoardStore/boards/Xilinx/vhk158/production/1.0/board.xml as part xcvh1582-vsva3697-2mp-e-s specified in board_part file is either invalid or not available
WARNING: [Board 49-26] cannot add Board Part xilinx.com:vhk158:part0:1.1 available at C:/Xilinx/Vivado/2023.2/data/xhub/boards/XilinxBoardStore/boards/Xilinx/vhk158/production/1.1/board.xml as part xcvh1582-vsva3697-2mp-e-s specified in board_part file is either invalid or not available
WARNING: [Board 49-26] cannot add Board Part xilinx.com:vhk158_es:part0:1.0 available at C:/Xilinx/Vivado/2023.2/data/xhub/boards/XilinxBoardStore/boards/Xilinx/vhk158/es/1.0/board.xml as part xcvh1582-vsva3697-2mp-e-s-es1 specified in board_part file is either invalid or not available
WARNING: [Board 49-26] cannot add Board Part xilinx.com:vhk158_es:part0:1.1 available at C:/Xilinx/Vivado/2023.2/data/xhub/boards/XilinxBoardStore/boards/Xilinx/vhk158/es/1.1/board.xml as part xcvh1582-vsva3697-2mp-e-s-es1 specified in board_part file is either invalid or not available
WARNING: [Board 49-26] cannot add Board Part xilinx.com:zcu111:part0:1.2 available at C:/Xilinx/Vivado/2023.2/data/xhub/boards/XilinxBoardStore/boards/Xilinx/zcu111/1.2/board.xml as part xczu28dr-ffvg1517-2-e specified in board_part file is either invalid or not available
WARNING: [Board 49-26] cannot add Board Part xilinx.com:zcu111:part0:1.3 available at C:/Xilinx/Vivado/2023.2/data/xhub/boards/XilinxBoardStore/boards/Xilinx/zcu111/1.3/board.xml as part xczu28dr-ffvg1517-2-e specified in board_part file is either invalid or not available
WARNING: [Board 49-26] cannot add Board Part xilinx.com:zcu111:part0:1.4 available at C:/Xilinx/Vivado/2023.2/data/xhub/boards/XilinxBoardStore/boards/Xilinx/zcu111/1.4/board.xml as part xczu28dr-ffvg1517-2-e specified in board_part file is either invalid or not available
WARNING: [Board 49-26] cannot add Board Part xilinx.com:zcu1275:part0:1.0 available at C:/Xilinx/Vivado/2023.2/data/xhub/boards/XilinxBoardStore/boards/Xilinx/zcu1275/1.0/board.xml as part xczu29dr-ffvf1760-2-e specified in board_part file is either invalid or not available
WARNING: [Board 49-26] cannot add Board Part xilinx.com:zcu1285:part0:1.0 available at C:/Xilinx/Vivado/2023.2/data/xhub/boards/XilinxBoardStore/boards/Xilinx/zcu1285/1.0/board.xml as part xczu39dr-ffvf1760-2-i specified in board_part file is either invalid or not available
WARNING: [Board 49-26] cannot add Board Part xilinx.com:zcu208:part0:2.0 available at C:/Xilinx/Vivado/2023.2/data/xhub/boards/XilinxBoardStore/boards/Xilinx/zcu208/production/2.0/board.xml as part xczu48dr-fsvg1517-2-e specified in board_part file is either invalid or not available
WARNING: [Board 49-26] cannot add Board Part xilinx.com:zcu208ld:part0:2.0 available at C:/Xilinx/Vivado/2023.2/data/xhub/boards/XilinxBoardStore/boards/Xilinx/zcu208ld/production/2.0/board.xml as part xczu58dr-fsvg1517-2-i specified in board_part file is either invalid or not available
WARNING: [Board 49-26] cannot add Board Part xilinx.com:zcu216:part0:2.0 available at C:/Xilinx/Vivado/2023.2/data/xhub/boards/XilinxBoardStore/boards/Xilinx/zcu216/production/2.0/board.xml as part xczu49dr-ffvf1760-2-e specified in board_part file is either invalid or not available
WARNING: [Board 49-26] cannot add Board Part xilinx.com:zcu216ld:part0:2.0 available at C:/Xilinx/Vivado/2023.2/data/xhub/boards/XilinxBoardStore/boards/Xilinx/zcu216ld/production/2.0/board.xml as part xczu59dr-ffvf1760-2-i specified in board_part file is either invalid or not available
WARNING: [Board 49-26] cannot add Board Part xilinx.com:zcu670:part0:2.0 available at C:/Xilinx/Vivado/2023.2/data/xhub/boards/XilinxBoardStore/boards/Xilinx/zcu670/2.0/board.xml as part xczu67dr-fsve1156-2-i specified in board_part file is either invalid or not available
WARNING: [Board 49-26] cannot add Board Part xilinx.com:zcu670ld:part0:1.0 available at C:/Xilinx/Vivado/2023.2/data/xhub/boards/XilinxBoardStore/boards/Xilinx/zcu670ld/1.0/board.xml as part xczu57dr-fsve1156-2-i specified in board_part file is either invalid or not available
INFO: [Project 1-313] Project file moved from 'C:/Users/Tim/Documents/ECE_615/vivado_projects/final_proj_vivado' since last save.
INFO: [filemgmt 56-1] IP Repository Path: Directory not found as 'C:/Users/Tim/Documents/ECE_615/final_project/mp6_vivado/ip_repo'; using path 'C:/Users/Tim/Documents/ECE_615/vivado_projects/mp6_vivado/ip_repo' instead.
Scanning sources...
Finished scanning sources
INFO: [IP_Flow 19-234] Refreshing IP repositories
INFO: [IP_Flow 19-1700] Loaded user IP repository 'c:/Users/Tim/Documents/ECE_615/vivado_projects/mp6_vivado/ip_repo'.
INFO: [IP_Flow 19-2313] Loaded Vivado IP repository 'C:/Xilinx/Vivado/2023.2/data/ip'.
open_project: Time (s): cpu = 00:00:16 ; elapsed = 00:00:08 . Memory (MB): peak = 1655.895 ; gain = 395.809
update_compile_order -fileset sources_1
open_bd_design {C:/Users/Tim/Documents/ECE_615/final_project/musical_notes_hw/final_proj_vivado.srcs/sources_1/bd/design_1/design_1.bd}
Reading block design file <C:/Users/Tim/Documents/ECE_615/final_project/musical_notes_hw/final_proj_vivado.srcs/sources_1/bd/design_1/design_1.bd>...
Adding component instance block -- xilinx.com:ip:proc_sys_reset:5.0 - proc_sys_reset_0
Adding component instance block -- xilinx.com:ip:axi_interconnect:2.1 - axi_interconnect_0
Adding component instance block -- xilinx.com:ip:axi_crossbar:2.1 - xbar
Adding component instance block -- xilinx.com:ip:axi_protocol_converter:2.1 - auto_pc
Adding component instance block -- xilinx.com:ip:axi_dma:7.1 - axi_dma_0
Adding component instance block -- xilinx.com:ip:axi_interconnect:2.1 - axi_interconnect_1
Adding component instance block -- xilinx.com:ip:axi_crossbar:2.1 - xbar
Adding component instance block -- xilinx.com:ip:axi_dwidth_converter:2.1 - auto_us
Adding component instance block -- xilinx.com:ip:axi_dwidth_converter:2.1 - auto_us
Adding component instance block -- xilinx.com:ip:axi_protocol_converter:2.1 - auto_pc
Adding component instance block -- xilinx.com:ip:xlconcat:2.1 - xlconcat_0
Adding component instance block -- xilinx.com:ip:axi_iic:2.1 - axi_iic_0
Adding component instance block -- xilinx.com:ip:axi_gpio:2.0 - axi_gpio_0
Adding component instance block -- xilinx.com:ip:processing_system7:5.5 - processing_system7_0
Adding component instance block -- xilinx.com:ip:xlconstant:1.1 - xlconstant_0
Adding component instance block -- digilentinc.com:user:d_axi_i2s_audio:2.0 - d_axi_i2s_audio_0
Successfully read diagram <design_1> from block design file <C:/Users/Tim/Documents/ECE_615/final_project/musical_notes_hw/final_proj_vivado.srcs/sources_1/bd/design_1/design_1.bd>
WARNING: [IP_Flow 19-4318] IP-XACT file does not exist: c:/Users/Tim/Documents/ECE_615/vivado_projects/mp6_vivado/ip_repo/d_axi_i2s_audio_v2_0/component.xml. It will be created.
update_ip_catalog -rebuild
INFO: [IP_Flow 19-234] Refreshing IP repositories
WARNING: [IP_Flow 19-2248] Failed to load user IP repository 'c:/Users/Tim/Documents/ECE_615/vivado_projects/mp6_vivado/ip_repo'; Can't find the specified path.
If this directory should no longer be in your list of user repositories, go to the IP Settings dialog and remove it.
set_property  ip_repo_paths  {} [current_project]
update_ip_catalog
INFO: [IP_Flow 19-234] Refreshing IP repositories
INFO: [IP_Flow 19-1704] No user IP repositories specified
set_property  ip_repo_paths  C:/Users/Tim/Documents/ECE_615/final_project/musical_notes_hw/ip_repo [current_project]
update_ip_catalog
INFO: [IP_Flow 19-234] Refreshing IP repositories
INFO: [IP_Flow 19-1700] Loaded user IP repository 'c:/Users/Tim/Documents/ECE_615/final_project/musical_notes_hw/ip_repo'.
report_ip_status -name ip_status 
upgrade_ip -vlnv digilentinc.com:user:d_axi_i2s_audio:2.0 [get_ips  design_1_d_axi_i2s_audio_0_0] -log ip_upgrade.log
Upgrading 'C:/Users/Tim/Documents/ECE_615/final_project/musical_notes_hw/final_proj_vivado.srcs/sources_1/bd/design_1/design_1.bd'
INFO: [IP_Flow 19-3420] Updated design_1_d_axi_i2s_audio_0_0 to use current project options
Wrote  : <C:\Users\Tim\Documents\ECE_615\final_project\musical_notes_hw\final_proj_vivado.srcs\sources_1\bd\design_1\design_1.bd> 
Wrote  : <C:/Users/Tim/Documents/ECE_615/final_project/musical_notes_hw/final_proj_vivado.srcs/sources_1/bd/design_1/ui/bd_1f5defd0.ui> 
INFO: [Coretcl 2-1525] Wrote upgrade log to 'C:/Users/Tim/Documents/ECE_615/final_project/musical_notes_hw/ip_upgrade.log'.
export_ip_user_files -of_objects [get_ips design_1_d_axi_i2s_audio_0_0] -no_script -sync -force -quiet
report_ip_status -name ip_status 
reset_run synth_1
INFO: [Project 1-1161] Replacing file C:/Users/Tim/Documents/ECE_615/final_project/musical_notes_hw/final_proj_vivado.srcs/utils_1/imports/synth_1/design_1_wrapper.dcp with file C:/Users/Tim/Documents/ECE_615/final_project/musical_notes_hw/final_proj_vivado.runs/synth_1/design_1_wrapper.dcp
WARNING: [Vivado 12-1017] Problems encountered:
1. Couldn't access process for termination

launch_runs impl_1 -jobs 20
Wrote  : <C:\Users\Tim\Documents\ECE_615\final_project\musical_notes_hw\final_proj_vivado.srcs\sources_1\bd\design_1\design_1.bd> 
Wrote  : <C:/Users/Tim/Documents/ECE_615/final_project/musical_notes_hw/final_proj_vivado.srcs/sources_1/bd/design_1/ui/bd_1f5defd0.ui> 
WARNING: [BD 41-2384] Width mismatch when connecting pin: '/axi_interconnect_1/m00_couplers/auto_pc/m_axi_rid'(1) to pin: '/axi_interconnect_1/m00_couplers/M_AXI_rid'(6) - Only lower order bits will be connected.
WARNING: [BD 41-2384] Width mismatch when connecting pin: '/axi_interconnect_1/m00_couplers/auto_pc/m_axi_bid'(1) to pin: '/axi_interconnect_1/m00_couplers/M_AXI_bid'(6) - Only lower order bits will be connected.
WARNING: [BD 41-2384] Width mismatch when connecting pin: '/processing_system7_0/S_AXI_HP0_AWID'(6) to pin: '/axi_interconnect_1/M00_AXI_awid'(1) - Only lower order bits will be connected.
WARNING: [BD 41-2384] Width mismatch when connecting pin: '/processing_system7_0/S_AXI_HP0_ARID'(6) to pin: '/axi_interconnect_1/M00_AXI_arid'(1) - Only lower order bits will be connected.
WARNING: [BD 41-2384] Width mismatch when connecting pin: '/processing_system7_0/S_AXI_HP0_WID'(6) to pin: '/axi_interconnect_1/M00_AXI_wid'(1) - Only lower order bits will be connected.
VHDL Output written to : c:/Users/Tim/Documents/ECE_615/final_project/musical_notes_hw/final_proj_vivado.gen/sources_1/bd/design_1/synth/design_1.vhd
WARNING: [BD 41-2384] Width mismatch when connecting pin: '/axi_interconnect_1/m00_couplers/auto_pc/m_axi_rid'(1) to pin: '/axi_interconnect_1/m00_couplers/M_AXI_rid'(6) - Only lower order bits will be connected.
WARNING: [BD 41-2384] Width mismatch when connecting pin: '/axi_interconnect_1/m00_couplers/auto_pc/m_axi_bid'(1) to pin: '/axi_interconnect_1/m00_couplers/M_AXI_bid'(6) - Only lower order bits will be connected.
WARNING: [BD 41-2384] Width mismatch when connecting pin: '/processing_system7_0/S_AXI_HP0_AWID'(6) to pin: '/axi_interconnect_1/M00_AXI_awid'(1) - Only lower order bits will be connected.
WARNING: [BD 41-2384] Width mismatch when connecting pin: '/processing_system7_0/S_AXI_HP0_ARID'(6) to pin: '/axi_interconnect_1/M00_AXI_arid'(1) - Only lower order bits will be connected.
WARNING: [BD 41-2384] Width mismatch when connecting pin: '/processing_system7_0/S_AXI_HP0_WID'(6) to pin: '/axi_interconnect_1/M00_AXI_wid'(1) - Only lower order bits will be connected.
VHDL Output written to : c:/Users/Tim/Documents/ECE_615/final_project/musical_notes_hw/final_proj_vivado.gen/sources_1/bd/design_1/sim/design_1.vhd
VHDL Output written to : c:/Users/Tim/Documents/ECE_615/final_project/musical_notes_hw/final_proj_vivado.gen/sources_1/bd/design_1/hdl/design_1_wrapper.vhd
WARNING: [IP_Flow 19-6920] IP catalog definition and instance xml file are missing for IP Instance 'fifo_32'. Port and Interface information is missing for the IP, please run report IP status. 
WARNING: [IP_Flow 19-6920] IP catalog definition and instance xml file are missing for IP Instance 'fifo_4'. Port and Interface information is missing for the IP, please run report IP status. 
INFO: [IP_Flow 19-1972] Upgraded fifo_32 from FIFO Generator 12.0 to FIFO Generator 13.2
INFO: [IP_Flow 19-1972] Upgraded fifo_4 from FIFO Generator 12.0 to FIFO Generator 13.2
INFO: [BD 41-1029] Generation completed for the IP Integrator block d_axi_i2s_audio_0 .
WARNING: [IP_Flow 19-4994] Overwriting existing constraint file 'c:/Users/Tim/Documents/ECE_615/final_project/musical_notes_hw/final_proj_vivado.gen/sources_1/bd/design_1/ip/design_1_auto_pc_0/design_1_auto_pc_0_ooc.xdc'
INFO: [BD 41-1029] Generation completed for the IP Integrator block axi_interconnect_0/s00_couplers/auto_pc .
WARNING: [IP_Flow 19-4994] Overwriting existing constraint file 'c:/Users/Tim/Documents/ECE_615/final_project/musical_notes_hw/final_proj_vivado.gen/sources_1/bd/design_1/ip/design_1_auto_us_0/design_1_auto_us_0_ooc.xdc'
INFO: [IP_Flow 19-5611] Unable to find an associated reset port for the interface 'S_AXI'. A default connection has been created.
INFO: [IP_Flow 19-5611] Unable to find an associated reset port for the interface 'M_AXI'. A default connection has been created.
INFO: [BD 41-1029] Generation completed for the IP Integrator block axi_interconnect_1/s00_couplers/auto_us .
WARNING: [IP_Flow 19-4994] Overwriting existing constraint file 'c:/Users/Tim/Documents/ECE_615/final_project/musical_notes_hw/final_proj_vivado.gen/sources_1/bd/design_1/ip/design_1_auto_us_1/design_1_auto_us_1_ooc.xdc'
INFO: [IP_Flow 19-5611] Unable to find an associated reset port for the interface 'S_AXI'. A default connection has been created.
INFO: [IP_Flow 19-5611] Unable to find an associated reset port for the interface 'M_AXI'. A default connection has been created.
INFO: [BD 41-1029] Generation completed for the IP Integrator block axi_interconnect_1/s01_couplers/auto_us .
WARNING: [IP_Flow 19-4994] Overwriting existing constraint file 'c:/Users/Tim/Documents/ECE_615/final_project/musical_notes_hw/final_proj_vivado.gen/sources_1/bd/design_1/ip/design_1_auto_pc_1/design_1_auto_pc_1_ooc.xdc'
INFO: [BD 41-1029] Generation completed for the IP Integrator block axi_interconnect_1/m00_couplers/auto_pc .
Exporting to file c:/Users/Tim/Documents/ECE_615/final_project/musical_notes_hw/final_proj_vivado.gen/sources_1/bd/design_1/hw_handoff/design_1.hwh
Generated Hardware Definition File c:/Users/Tim/Documents/ECE_615/final_project/musical_notes_hw/final_proj_vivado.gen/sources_1/bd/design_1/synth/design_1.hwdef
INFO: [IP_Flow 19-6930] IPCACHE: runCacheChecks() number of threads = 8
INFO: [IP_Flow 19-6921] IPCACHE: Adding cache check func to thread queue for IP design_1_auto_pc_0
INFO: [IP_Flow 19-6921] IPCACHE: Adding cache check func to thread queue for IP design_1_auto_pc_1
INFO: [IP_Flow 19-6921] IPCACHE: Adding cache check func to thread queue for IP design_1_auto_us_0
INFO: [IP_Flow 19-6921] IPCACHE: Adding cache check func to thread queue for IP design_1_auto_us_1
INFO: [IP_Flow 19-6921] IPCACHE: Adding cache check func to thread queue for IP design_1_d_axi_i2s_audio_0_0
INFO: [IP_Flow 19-8020] IPCACHE: runCacheChecks() calling threadPool finishWork()
INFO: [IP_Flow 19-6924] IPCACHE: Running cache check for IP inst: design_1_auto_pc_0
INFO: [IP_Flow 19-6922] IPCACHE: Exporting cached entry 41de4c0af8ba76a7 to dir: c:/Users/Tim/Documents/ECE_615/final_project/musical_notes_hw/final_proj_vivado.gen/sources_1/bd/design_1/ip/design_1_auto_pc_0
INFO: [IP_Flow 19-6928] IPCACHE: copied cached file c:/Users/Tim/Documents/ECE_615/final_project/musical_notes_hw/final_proj_vivado.cache/ip/2023.2/4/1/41de4c0af8ba76a7/design_1_auto_pc_0.dcp to c:/Users/Tim/Documents/ECE_615/final_project/musical_notes_hw/final_proj_vivado.gen/sources_1/bd/design_1/ip/design_1_auto_pc_0/design_1_auto_pc_0.dcp.
INFO: [IP_Flow 19-6926] IPCACHE: added file to list for BOM: c:/Users/Tim/Documents/ECE_615/final_project/musical_notes_hw/final_proj_vivado.gen/sources_1/bd/design_1/ip/design_1_auto_pc_0/design_1_auto_pc_0.dcp
INFO: [IP_Flow 19-6928] IPCACHE: copied cached file c:/Users/Tim/Documents/ECE_615/final_project/musical_notes_hw/final_proj_vivado.cache/ip/2023.2/4/1/41de4c0af8ba76a7/design_1_auto_pc_0_sim_netlist.v to c:/Users/Tim/Documents/ECE_615/final_project/musical_notes_hw/final_proj_vivado.gen/sources_1/bd/design_1/ip/design_1_auto_pc_0/design_1_auto_pc_0_sim_netlist.v.
INFO: [IP_Flow 19-6926] IPCACHE: added file to list for BOM: c:/Users/Tim/Documents/ECE_615/final_project/musical_notes_hw/final_proj_vivado.gen/sources_1/bd/design_1/ip/design_1_auto_pc_0/design_1_auto_pc_0_sim_netlist.v
INFO: [IP_Flow 19-6928] IPCACHE: copied cached file c:/Users/Tim/Documents/ECE_615/final_project/musical_notes_hw/final_proj_vivado.cache/ip/2023.2/4/1/41de4c0af8ba76a7/design_1_auto_pc_0_sim_netlist.vhdl to c:/Users/Tim/Documents/ECE_615/final_project/musical_notes_hw/final_proj_vivado.gen/sources_1/bd/design_1/ip/design_1_auto_pc_0/design_1_auto_pc_0_sim_netlist.vhdl.
INFO: [IP_Flow 19-6926] IPCACHE: added file to list for BOM: c:/Users/Tim/Documents/ECE_615/final_project/musical_notes_hw/final_proj_vivado.gen/sources_1/bd/design_1/ip/design_1_auto_pc_0/design_1_auto_pc_0_sim_netlist.vhdl
INFO: [IP_Flow 19-6928] IPCACHE: copied cached file c:/Users/Tim/Documents/ECE_615/final_project/musical_notes_hw/final_proj_vivado.cache/ip/2023.2/4/1/41de4c0af8ba76a7/design_1_auto_pc_0_stub.v to c:/Users/Tim/Documents/ECE_615/final_project/musical_notes_hw/final_proj_vivado.gen/sources_1/bd/design_1/ip/design_1_auto_pc_0/design_1_auto_pc_0_stub.v.
INFO: [IP_Flow 19-6926] IPCACHE: added file to list for BOM: c:/Users/Tim/Documents/ECE_615/final_project/musical_notes_hw/final_proj_vivado.gen/sources_1/bd/design_1/ip/design_1_auto_pc_0/design_1_auto_pc_0_stub.v
INFO: [IP_Flow 19-6928] IPCACHE: copied cached file c:/Users/Tim/Documents/ECE_615/final_project/musical_notes_hw/final_proj_vivado.cache/ip/2023.2/4/1/41de4c0af8ba76a7/design_1_auto_pc_0_stub.vhdl to c:/Users/Tim/Documents/ECE_615/final_project/musical_notes_hw/final_proj_vivado.gen/sources_1/bd/design_1/ip/design_1_auto_pc_0/design_1_auto_pc_0_stub.vhdl.
INFO: [IP_Flow 19-6926] IPCACHE: added file to list for BOM: c:/Users/Tim/Documents/ECE_615/final_project/musical_notes_hw/final_proj_vivado.gen/sources_1/bd/design_1/ip/design_1_auto_pc_0/design_1_auto_pc_0_stub.vhdl
INFO: [IP_Flow 19-4993] Using cached IP synthesis design for IP design_1_auto_pc_0, cache-ID = 41de4c0af8ba76a7; cache size = 40.355 MB.
INFO: [IP_Flow 19-6924] IPCACHE: Running cache check for IP inst: design_1_auto_pc_1
INFO: [IP_Flow 19-6922] IPCACHE: Exporting cached entry 0d856a29e13c6fce to dir: c:/Users/Tim/Documents/ECE_615/final_project/musical_notes_hw/final_proj_vivado.gen/sources_1/bd/design_1/ip/design_1_auto_pc_1
INFO: [IP_Flow 19-6928] IPCACHE: copied cached file c:/Users/Tim/Documents/ECE_615/final_project/musical_notes_hw/final_proj_vivado.cache/ip/2023.2/0/d/0d856a29e13c6fce/design_1_auto_pc_1.dcp to c:/Users/Tim/Documents/ECE_615/final_project/musical_notes_hw/final_proj_vivado.gen/sources_1/bd/design_1/ip/design_1_auto_pc_1/design_1_auto_pc_1.dcp.
INFO: [IP_Flow 19-6926] IPCACHE: added file to list for BOM: c:/Users/Tim/Documents/ECE_615/final_project/musical_notes_hw/final_proj_vivado.gen/sources_1/bd/design_1/ip/design_1_auto_pc_1/design_1_auto_pc_1.dcp
INFO: [IP_Flow 19-6928] IPCACHE: copied cached file c:/Users/Tim/Documents/ECE_615/final_project/musical_notes_hw/final_proj_vivado.cache/ip/2023.2/0/d/0d856a29e13c6fce/design_1_auto_pc_1_sim_netlist.v to c:/Users/Tim/Documents/ECE_615/final_project/musical_notes_hw/final_proj_vivado.gen/sources_1/bd/design_1/ip/design_1_auto_pc_1/design_1_auto_pc_1_sim_netlist.v.
INFO: [IP_Flow 19-6926] IPCACHE: added file to list for BOM: c:/Users/Tim/Documents/ECE_615/final_project/musical_notes_hw/final_proj_vivado.gen/sources_1/bd/design_1/ip/design_1_auto_pc_1/design_1_auto_pc_1_sim_netlist.v
INFO: [IP_Flow 19-6928] IPCACHE: copied cached file c:/Users/Tim/Documents/ECE_615/final_project/musical_notes_hw/final_proj_vivado.cache/ip/2023.2/0/d/0d856a29e13c6fce/design_1_auto_pc_1_sim_netlist.vhdl to c:/Users/Tim/Documents/ECE_615/final_project/musical_notes_hw/final_proj_vivado.gen/sources_1/bd/design_1/ip/design_1_auto_pc_1/design_1_auto_pc_1_sim_netlist.vhdl.
INFO: [IP_Flow 19-6926] IPCACHE: added file to list for BOM: c:/Users/Tim/Documents/ECE_615/final_project/musical_notes_hw/final_proj_vivado.gen/sources_1/bd/design_1/ip/design_1_auto_pc_1/design_1_auto_pc_1_sim_netlist.vhdl
INFO: [IP_Flow 19-6928] IPCACHE: copied cached file c:/Users/Tim/Documents/ECE_615/final_project/musical_notes_hw/final_proj_vivado.cache/ip/2023.2/0/d/0d856a29e13c6fce/design_1_auto_pc_1_stub.v to c:/Users/Tim/Documents/ECE_615/final_project/musical_notes_hw/final_proj_vivado.gen/sources_1/bd/design_1/ip/design_1_auto_pc_1/design_1_auto_pc_1_stub.v.
INFO: [IP_Flow 19-6926] IPCACHE: added file to list for BOM: c:/Users/Tim/Documents/ECE_615/final_project/musical_notes_hw/final_proj_vivado.gen/sources_1/bd/design_1/ip/design_1_auto_pc_1/design_1_auto_pc_1_stub.v
INFO: [IP_Flow 19-6928] IPCACHE: copied cached file c:/Users/Tim/Documents/ECE_615/final_project/musical_notes_hw/final_proj_vivado.cache/ip/2023.2/0/d/0d856a29e13c6fce/design_1_auto_pc_1_stub.vhdl to c:/Users/Tim/Documents/ECE_615/final_project/musical_notes_hw/final_proj_vivado.gen/sources_1/bd/design_1/ip/design_1_auto_pc_1/design_1_auto_pc_1_stub.vhdl.
INFO: [IP_Flow 19-6926] IPCACHE: added file to list for BOM: c:/Users/Tim/Documents/ECE_615/final_project/musical_notes_hw/final_proj_vivado.gen/sources_1/bd/design_1/ip/design_1_auto_pc_1/design_1_auto_pc_1_stub.vhdl
INFO: [IP_Flow 19-4993] Using cached IP synthesis design for IP design_1_auto_pc_1, cache-ID = 0d856a29e13c6fce; cache size = 40.355 MB.
INFO: [IP_Flow 19-6924] IPCACHE: Running cache check for IP inst: design_1_auto_us_0
INFO: [IP_Flow 19-6922] IPCACHE: Exporting cached entry 3ef6e8bc2f37b95f to dir: c:/Users/Tim/Documents/ECE_615/final_project/musical_notes_hw/final_proj_vivado.gen/sources_1/bd/design_1/ip/design_1_auto_us_0
INFO: [IP_Flow 19-6928] IPCACHE: copied cached file c:/Users/Tim/Documents/ECE_615/final_project/musical_notes_hw/final_proj_vivado.cache/ip/2023.2/3/e/3ef6e8bc2f37b95f/design_1_auto_us_0.dcp to c:/Users/Tim/Documents/ECE_615/final_project/musical_notes_hw/final_proj_vivado.gen/sources_1/bd/design_1/ip/design_1_auto_us_0/design_1_auto_us_0.dcp.
INFO: [IP_Flow 19-6926] IPCACHE: added file to list for BOM: c:/Users/Tim/Documents/ECE_615/final_project/musical_notes_hw/final_proj_vivado.gen/sources_1/bd/design_1/ip/design_1_auto_us_0/design_1_auto_us_0.dcp
INFO: [IP_Flow 19-6928] IPCACHE: copied cached file c:/Users/Tim/Documents/ECE_615/final_project/musical_notes_hw/final_proj_vivado.cache/ip/2023.2/3/e/3ef6e8bc2f37b95f/design_1_auto_us_0_sim_netlist.v to c:/Users/Tim/Documents/ECE_615/final_project/musical_notes_hw/final_proj_vivado.gen/sources_1/bd/design_1/ip/design_1_auto_us_0/design_1_auto_us_0_sim_netlist.v.
INFO: [IP_Flow 19-6926] IPCACHE: added file to list for BOM: c:/Users/Tim/Documents/ECE_615/final_project/musical_notes_hw/final_proj_vivado.gen/sources_1/bd/design_1/ip/design_1_auto_us_0/design_1_auto_us_0_sim_netlist.v
INFO: [IP_Flow 19-6928] IPCACHE: copied cached file c:/Users/Tim/Documents/ECE_615/final_project/musical_notes_hw/final_proj_vivado.cache/ip/2023.2/3/e/3ef6e8bc2f37b95f/design_1_auto_us_0_sim_netlist.vhdl to c:/Users/Tim/Documents/ECE_615/final_project/musical_notes_hw/final_proj_vivado.gen/sources_1/bd/design_1/ip/design_1_auto_us_0/design_1_auto_us_0_sim_netlist.vhdl.
INFO: [IP_Flow 19-6926] IPCACHE: added file to list for BOM: c:/Users/Tim/Documents/ECE_615/final_project/musical_notes_hw/final_proj_vivado.gen/sources_1/bd/design_1/ip/design_1_auto_us_0/design_1_auto_us_0_sim_netlist.vhdl
INFO: [IP_Flow 19-6928] IPCACHE: copied cached file c:/Users/Tim/Documents/ECE_615/final_project/musical_notes_hw/final_proj_vivado.cache/ip/2023.2/3/e/3ef6e8bc2f37b95f/design_1_auto_us_0_stub.v to c:/Users/Tim/Documents/ECE_615/final_project/musical_notes_hw/final_proj_vivado.gen/sources_1/bd/design_1/ip/design_1_auto_us_0/design_1_auto_us_0_stub.v.
INFO: [IP_Flow 19-6926] IPCACHE: added file to list for BOM: c:/Users/Tim/Documents/ECE_615/final_project/musical_notes_hw/final_proj_vivado.gen/sources_1/bd/design_1/ip/design_1_auto_us_0/design_1_auto_us_0_stub.v
INFO: [IP_Flow 19-6928] IPCACHE: copied cached file c:/Users/Tim/Documents/ECE_615/final_project/musical_notes_hw/final_proj_vivado.cache/ip/2023.2/3/e/3ef6e8bc2f37b95f/design_1_auto_us_0_stub.vhdl to c:/Users/Tim/Documents/ECE_615/final_project/musical_notes_hw/final_proj_vivado.gen/sources_1/bd/design_1/ip/design_1_auto_us_0/design_1_auto_us_0_stub.vhdl.
INFO: [IP_Flow 19-6926] IPCACHE: added file to list for BOM: c:/Users/Tim/Documents/ECE_615/final_project/musical_notes_hw/final_proj_vivado.gen/sources_1/bd/design_1/ip/design_1_auto_us_0/design_1_auto_us_0_stub.vhdl
INFO: [IP_Flow 19-4993] Using cached IP synthesis design for IP design_1_auto_us_0, cache-ID = 3ef6e8bc2f37b95f; cache size = 40.355 MB.
INFO: [IP_Flow 19-6924] IPCACHE: Running cache check for IP inst: design_1_auto_us_1
INFO: [IP_Flow 19-6922] IPCACHE: Exporting cached entry e1662ceb48c0d581 to dir: c:/Users/Tim/Documents/ECE_615/final_project/musical_notes_hw/final_proj_vivado.gen/sources_1/bd/design_1/ip/design_1_auto_us_1
INFO: [IP_Flow 19-6928] IPCACHE: copied cached file c:/Users/Tim/Documents/ECE_615/final_project/musical_notes_hw/final_proj_vivado.cache/ip/2023.2/e/1/e1662ceb48c0d581/design_1_auto_us_1.dcp to c:/Users/Tim/Documents/ECE_615/final_project/musical_notes_hw/final_proj_vivado.gen/sources_1/bd/design_1/ip/design_1_auto_us_1/design_1_auto_us_1.dcp.
INFO: [IP_Flow 19-6926] IPCACHE: added file to list for BOM: c:/Users/Tim/Documents/ECE_615/final_project/musical_notes_hw/final_proj_vivado.gen/sources_1/bd/design_1/ip/design_1_auto_us_1/design_1_auto_us_1.dcp
INFO: [IP_Flow 19-6928] IPCACHE: copied cached file c:/Users/Tim/Documents/ECE_615/final_project/musical_notes_hw/final_proj_vivado.cache/ip/2023.2/e/1/e1662ceb48c0d581/design_1_auto_us_1_sim_netlist.v to c:/Users/Tim/Documents/ECE_615/final_project/musical_notes_hw/final_proj_vivado.gen/sources_1/bd/design_1/ip/design_1_auto_us_1/design_1_auto_us_1_sim_netlist.v.
INFO: [IP_Flow 19-6926] IPCACHE: added file to list for BOM: c:/Users/Tim/Documents/ECE_615/final_project/musical_notes_hw/final_proj_vivado.gen/sources_1/bd/design_1/ip/design_1_auto_us_1/design_1_auto_us_1_sim_netlist.v
INFO: [IP_Flow 19-6928] IPCACHE: copied cached file c:/Users/Tim/Documents/ECE_615/final_project/musical_notes_hw/final_proj_vivado.cache/ip/2023.2/e/1/e1662ceb48c0d581/design_1_auto_us_1_sim_netlist.vhdl to c:/Users/Tim/Documents/ECE_615/final_project/musical_notes_hw/final_proj_vivado.gen/sources_1/bd/design_1/ip/design_1_auto_us_1/design_1_auto_us_1_sim_netlist.vhdl.
INFO: [IP_Flow 19-6926] IPCACHE: added file to list for BOM: c:/Users/Tim/Documents/ECE_615/final_project/musical_notes_hw/final_proj_vivado.gen/sources_1/bd/design_1/ip/design_1_auto_us_1/design_1_auto_us_1_sim_netlist.vhdl
INFO: [IP_Flow 19-6928] IPCACHE: copied cached file c:/Users/Tim/Documents/ECE_615/final_project/musical_notes_hw/final_proj_vivado.cache/ip/2023.2/e/1/e1662ceb48c0d581/design_1_auto_us_1_stub.v to c:/Users/Tim/Documents/ECE_615/final_project/musical_notes_hw/final_proj_vivado.gen/sources_1/bd/design_1/ip/design_1_auto_us_1/design_1_auto_us_1_stub.v.
INFO: [IP_Flow 19-6926] IPCACHE: added file to list for BOM: c:/Users/Tim/Documents/ECE_615/final_project/musical_notes_hw/final_proj_vivado.gen/sources_1/bd/design_1/ip/design_1_auto_us_1/design_1_auto_us_1_stub.v
INFO: [IP_Flow 19-6928] IPCACHE: copied cached file c:/Users/Tim/Documents/ECE_615/final_project/musical_notes_hw/final_proj_vivado.cache/ip/2023.2/e/1/e1662ceb48c0d581/design_1_auto_us_1_stub.vhdl to c:/Users/Tim/Documents/ECE_615/final_project/musical_notes_hw/final_proj_vivado.gen/sources_1/bd/design_1/ip/design_1_auto_us_1/design_1_auto_us_1_stub.vhdl.
INFO: [IP_Flow 19-6926] IPCACHE: added file to list for BOM: c:/Users/Tim/Documents/ECE_615/final_project/musical_notes_hw/final_proj_vivado.gen/sources_1/bd/design_1/ip/design_1_auto_us_1/design_1_auto_us_1_stub.vhdl
INFO: [IP_Flow 19-4993] Using cached IP synthesis design for IP design_1_auto_us_1, cache-ID = e1662ceb48c0d581; cache size = 40.355 MB.
INFO: [IP_Flow 19-6924] IPCACHE: Running cache check for IP inst: design_1_d_axi_i2s_audio_0_0
[Tue Mar 31 01:14:18 2026] Launched design_1_d_axi_i2s_audio_0_0_synth_1, synth_1...
Run output will be captured here:
design_1_d_axi_i2s_audio_0_0_synth_1: C:/Users/Tim/Documents/ECE_615/final_project/musical_notes_hw/final_proj_vivado.runs/design_1_d_axi_i2s_audio_0_0_synth_1/runme.log
synth_1: C:/Users/Tim/Documents/ECE_615/final_project/musical_notes_hw/final_proj_vivado.runs/synth_1/runme.log
[Tue Mar 31 01:14:18 2026] Launched impl_1...
Run output will be captured here: C:/Users/Tim/Documents/ECE_615/final_project/musical_notes_hw/final_proj_vivado.runs/impl_1/runme.log
launch_runs: Time (s): cpu = 00:00:13 ; elapsed = 00:00:17 . Memory (MB): peak = 2155.148 ; gain = 251.090
launch_runs impl_1 -to_step write_bitstream -jobs 20
[Tue Mar 31 01:18:12 2026] Launched impl_1...
Run output will be captured here: C:/Users/Tim/Documents/ECE_615/final_project/musical_notes_hw/final_proj_vivado.runs/impl_1/runme.log
exit
INFO: [Common 17-206] Exiting Vivado at Tue Mar 31 01:21:23 2026...
